{
  "annotations": {
    "title": "Get file or directory contents",
    "readOnlyHint": true
  },
  "description": "Get the contents of a file or directory from a GitHub repository. Set `include_sha` to `true` to return file metadata (including SHA, size, type) instead of raw content.",
  "inputSchema": {
    "properties": {
      "owner": {
        "description": "Repository owner (username or organization)",
        "type": "string"
      },
      "path": {
        "description": "Path to file/directory (directories must end with a slash '/')",
        "type": "string"
      },
      "ref": {
        "description": "Accepts optional git refs such as `refs/tags/{tag}`, `refs/heads/{branch}` or `refs/pull/{pr_number}/head`",
        "type": "string"
      },
      "repo": {
        "description": "Repository name",
        "type": "string"
      },
      "sha": {
        "description": "Accepts optional git sha, if sha is specified it will be used instead of ref",
        "type": "string"
      },
      "include_sha": {
        "description": "Whether to return file metadata (including SHA, size, type) instead of raw content",
        "type": "boolean"
      }
    },
    "required": [
      "owner",
      "repo",
      "path"
    ],
    "type": "object"
  },
  "name": "get_file_contents"
}